All required ET-AR and TJ-AR functions are available.

VIGNETTE RENDER FAILED

Error classes:
rlang_error, error, condition

Error message:
system is computationally singular: reciprocal condition number = 3.24899e-28

Last rlang error:
<error/rlang_error>
Error in `solve.default()`:
! system is computationally singular: reciprocal condition number = 3.24899e-28
---
Backtrace:
    ▆
 1. └─reach.postproc::plot_jump_sensitivity(...)
 2.   ├─data.table::rbindlist(...) at reach.postproc/R/12-tj-ar.R:77:3
 3.   └─base::lapply(...)
 4.     └─reach.postproc (local) FUN(X[[i]], ...)
 5.       ├─reach.postproc::tj_ar_series(...) at reach.postproc/R/12-tj-ar.R:78:5
 6.       │ └─data.table::copy(x$series) at reach.postproc/R/12-tj-ar.R:49:17
 7.       └─reach.postproc::forecast_tj_ar(...)
 8.         ├─base::solve(design, as.complex(selected_errors)) at reach.postproc/R/12-tj-ar.R:31:3
 9.         └─base::solve.default(design, as.complex(selected_errors))
